<p>The include path in this embedded sass should be relative to this file.</p>
<style>
  p {
    font-weight: bold; }
</style>
