<!DOCTYPE html>
<html>
<head>
<title>Menu</title>
</head>
<body>
<h1>Menu</h1>
<section>I am an exciting logo.

<ul>
<li>Delicious <b>smaragdine</b> pasta with unctious notes
</li>
<li>Delicious <b>fulvous</b> pasta with umami notes
</li>
</ul>
</section>
</body>
</html>
