<div class=!custom!foo!custom!>
<div class=!custom!bar!custom!>
baz
</div>
</div>
