<h1 class='title'>haml</h1>
<p>Here are some powers of 2:</p>
<ul>
<li>1</li>
<li>2</li>
<li>4</li>
<li>8</li>
<li>16</li>
<li>32</li>
<li>64</li>
<li>128</li>
<li>256</li>
</ul>
