Some high-page Unicode: 🪲🪺🪼

Compound characters: L⃠ .⃞⃝⃣ 🧑🏽‍🎨

High-page supplementary use character: 􀀀
