<dl>
<dd>Some high-page Unicode</dd>
<dt>🪲🪺🪼</dt>
<dd>Compound characters</dd>
<dt>L⃠ .⃞⃝⃣ 🧑🏽‍🎨</dt>
<dd>High-page supplementary use character</dd>
<dt>􀀀</dt>
</dl>
