<p>In same file:</p>
<style>
  p {
    font-weight: bold; }
</style>
<p>From partial:</p>
<style>
  p {
    font-weight: bold; }
</style>
