<!DOCTYPE html>
<html>
<head>
<title>Exciting page</title>
</head>
<body><div class="【Superfluous::Presentation::Renderer::StyleAttachment|style|subfolder/isolation-css-nesting.html】">
Some greetings with Y in them:
<ul>
<li><div class="【Superfluous::Presentation::Renderer::StyleAttachment|style|subfolder/_css-nesting-partial】"><b>Ahoy</b>
</div></li>
<li><div class="【Superfluous::Presentation::Renderer::StyleAttachment|style|subfolder/_css-nesting-partial】"><b>Howdy</b>
</div></li>
<li><div class="【Superfluous::Presentation::Renderer::StyleAttachment|style|subfolder/_css-nesting-partial】"><b>Yo</b>
</div></li>
</ul>
</div></body>
</html>
