<p>
script local var:
not passed from script
</p>
<p>
script ivar:
not passed from script
</p>
<p>
prop from script:
&quot;hello&quot;
</p>
<p>
data not mentioned in script:
<ul>
<li>
<b>:one</b>
&quot;rambunctious&quot;
</li>
<li>
<b>:two</b>
&quot;chaotic&quot;
</li>
</ul>
</p>
