From script in separate file: It came from the file!!!

From data: rambunctious
