<h1>Primes squared</h1>
<ul>
<li>4</li>
<li>9</li>
<li>25</li>
</ul>
